3026 transformer_full recall 0.4248 long 0.4176 loss 0.5159
  [candidate init3026/data3026] step 0/101322 loss 4.765
  [candidate init3026/data3026] step 20264/101322 loss 0.520
  [candidate init3026/data3026] step 40528/101322 loss 0.520
  [candidate init3026/data3026] step 60792/101322 loss 0.517
  [candidate init3026/data3026] step 81056/101322 loss 0.517
  [candidate init3026/data3026] step 101320/101322 loss 0.028
3026 transformer_win20 recall 0.9730 in_win 0.9731 out_win 0.9728 loss 0.0269
resume: 2 rows already on disk, skipping [('transformer_full', 3026), ('transformer_win20', 3026)]
3027 transformer_full recall 0.4245 long 0.4124 loss 0.5152
  [candidate init3027/data3027] step 0/101322 loss 4.839
  [candidate init3027/data3027] step 20264/101322 loss 0.520
  [candidate init3027/data3027] step 40528/101322 loss 0.270
  [candidate init3027/data3027] step 60792/101322 loss 0.050
  [candidate init3027/data3027] step 81056/101322 loss 0.010
  [candidate init3027/data3027] step 101320/101322 loss 0.004
3027 transformer_win20 recall 0.9948 in_win 1.0000 out_win 0.9883 loss 0.0040
Traceback (most recent call last):
  File "/home/hani/archlab-runs/swa-saturation-20260805-bb/shard2/resume_run.py", line 20, in <module>
    import torch
ModuleNotFoundError: No module named 'torch'
Traceback (most recent call last):
  File "/home/hani/archlab-runs/swa-saturation-20260805-bb/shard2/resume_run.py", line 20, in <module>
    import torch
ModuleNotFoundError: No module named 'torch'
Traceback (most recent call last):
  File "/home/hani/archlab-runs/swa-saturation-20260805-bb/shard2/resume_run.py", line 20, in <module>
    import torch
ModuleNotFoundError: No module named 'torch'
resume: 4 rows already on disk, skipping [('transformer_full', 3026), ('transformer_full', 3027), ('transformer_win20', 3026), ('transformer_win20', 3027)]
