3018 transformer_full recall 0.4251 long 0.4141 loss 0.5148
  [candidate init3018/data3018] step 0/101322 loss 4.670
  [candidate init3018/data3018] step 20264/101322 loss 1.105
  [candidate init3018/data3018] step 40528/101322 loss 0.826
  [candidate init3018/data3018] step 60792/101322 loss 0.735
  [candidate init3018/data3018] step 81056/101322 loss 0.653
  [candidate init3018/data3018] step 101320/101322 loss 0.567
3018 transformer_win14 recall 0.4007 in_win 0.2557 out_win 0.4473 loss 0.5682
resume: 2 rows already on disk, skipping [('transformer_full', 3018), ('transformer_win14', 3018)]
3019 transformer_full recall 1.0000 long 1.0000 loss 0.0000
  [candidate init3019/data3019] step 0/101322 loss 4.778
  [candidate init3019/data3019] step 20264/101322 loss 0.529
  [candidate init3019/data3019] step 40528/101322 loss 0.523
  [candidate init3019/data3019] step 60792/101322 loss 0.519
  [candidate init3019/data3019] step 81056/101322 loss 0.517
  [candidate init3019/data3019] step 101320/101322 loss 0.513
3019 transformer_win14 recall 0.4189 in_win 0.2677 out_win 0.4675 loss 0.5114
Traceback (most recent call last):
  File "/home/hani/archlab-runs/swa-saturation-20260805-bb/shard1/resume_run.py", line 20, in <module>
    import torch
ModuleNotFoundError: No module named 'torch'
Traceback (most recent call last):
  File "/home/hani/archlab-runs/swa-saturation-20260805-bb/shard1/resume_run.py", line 20, in <module>
    import torch
ModuleNotFoundError: No module named 'torch'
Traceback (most recent call last):
  File "/home/hani/archlab-runs/swa-saturation-20260805-bb/shard1/resume_run.py", line 20, in <module>
    import torch
ModuleNotFoundError: No module named 'torch'
resume: 4 rows already on disk, skipping [('transformer_full', 3018), ('transformer_full', 3019), ('transformer_win14', 3018), ('transformer_win14', 3019)]
3020 transformer_full recall 0.4261 long 0.4134 loss 0.5123
  [candidate init3020/data3020] step 0/101322 loss 4.767
  [candidate init3020/data3020] step 20264/101322 loss 0.522
  [candidate init3020/data3020] step 40528/101322 loss 0.519
  [candidate init3020/data3020] step 60792/101322 loss 0.518
  [candidate init3020/data3020] step 81056/101322 loss 0.406
  [candidate init3020/data3020] step 101320/101322 loss 0.377
3020 transformer_win14 recall 0.5609 in_win 0.4150 out_win 0.6077 loss 0.3775
