3010 transformer_full recall 0.4098 long 0.4167 loss 0.5128
  [candidate init3010/data3010] step 0/101322 loss 4.873
  [candidate init3010/data3010] step 20264/101322 loss 1.076
  [candidate init3010/data3010] step 40528/101322 loss 0.990
  [candidate init3010/data3010] step 60792/101322 loss 0.820
  [candidate init3010/data3010] step 81056/101322 loss 0.671
  [candidate init3010/data3010] step 101320/101322 loss 0.581
3010 transformer_win10 recall 0.3883 in_win 0.2114 out_win 0.4074 loss 0.5781
resume: 2 rows already on disk, skipping [('transformer_full', 3010), ('transformer_win10', 3010)]
3011 transformer_full recall 0.4339 long 0.4124 loss 0.5113
  [candidate init3011/data3011] step 0/101322 loss 4.803
  [candidate init3011/data3011] step 20264/101322 loss 0.979
  [candidate init3011/data3011] step 40528/101322 loss 0.774
  [candidate init3011/data3011] step 60792/101322 loss 0.727
  [candidate init3011/data3011] step 81056/101322 loss 0.644
  [candidate init3011/data3011] step 101320/101322 loss 0.576
3011 transformer_win10 recall 0.3932 in_win 0.2315 out_win 0.4106 loss 0.5759
Traceback (most recent call last):
  File "/home/hani/archlab-runs/swa-saturation-20260805-bb/shard0/resume_run.py", line 20, in <module>
    import torch
ModuleNotFoundError: No module named 'torch'
Traceback (most recent call last):
  File "/home/hani/archlab-runs/swa-saturation-20260805-bb/shard0/resume_run.py", line 20, in <module>
    import torch
ModuleNotFoundError: No module named 'torch'
Traceback (most recent call last):
  File "/home/hani/archlab-runs/swa-saturation-20260805-bb/shard0/resume_run.py", line 20, in <module>
    import torch
ModuleNotFoundError: No module named 'torch'
resume: 4 rows already on disk, skipping [('transformer_full', 3010), ('transformer_full', 3011), ('transformer_win10', 3010), ('transformer_win10', 3011)]
3012 transformer_full recall 0.4251 long 0.4173 loss 0.5129
  [candidate init3012/data3012] step 0/101322 loss 4.822
  [candidate init3012/data3012] step 20264/101322 loss 1.093
  [candidate init3012/data3012] step 40528/101322 loss 0.931
  [candidate init3012/data3012] step 60792/101322 loss 0.931
  [candidate init3012/data3012] step 81056/101322 loss 0.763
  [candidate init3012/data3012] step 101320/101322 loss 0.686
3012 transformer_win10 recall 0.3538 in_win 0.1779 out_win 0.3727 loss 0.6825
