3034 transformer_full recall 0.4170 long 0.4157 loss 0.5129
  [candidate init3034/data3034] step 0/101322 loss 4.695
  [candidate init3034/data3034] step 20264/101322 loss 0.524
  [candidate init3034/data3034] step 40528/101322 loss 0.519
  [candidate init3034/data3034] step 60792/101322 loss 0.520
  [candidate init3034/data3034] step 81056/101322 loss 0.516
  [candidate init3034/data3034] step 101320/101322 loss 0.514
3034 transformer_win28 recall 0.4225 in_win 0.3864 out_win 0.7584 loss 0.5129
resume: 2 rows already on disk, skipping [('transformer_full', 3034), ('transformer_win28', 3034)]
3035 transformer_full recall 0.4225 long 0.4089 loss 0.5124
  [candidate init3035/data3035] step 0/101322 loss 4.833
  [candidate init3035/data3035] step 20264/101322 loss 0.522
  [candidate init3035/data3035] step 40528/101322 loss 0.520
  [candidate init3035/data3035] step 60792/101322 loss 0.519
  [candidate init3035/data3035] step 81056/101322 loss 0.517
  [candidate init3035/data3035] step 101320/101322 loss 0.512
3035 transformer_win28 recall 0.4258 in_win 0.3886 out_win 0.7718 loss 0.5124
Traceback (most recent call last):
  File "/home/hani/archlab-runs/swa-saturation-20260805-bb/shard3/resume_run.py", line 20, in <module>
    import torch
ModuleNotFoundError: No module named 'torch'
Traceback (most recent call last):
  File "/home/hani/archlab-runs/swa-saturation-20260805-bb/shard3/resume_run.py", line 20, in <module>
    import torch
ModuleNotFoundError: No module named 'torch'
Traceback (most recent call last):
  File "/home/hani/archlab-runs/swa-saturation-20260805-bb/shard3/resume_run.py", line 20, in <module>
    import torch
ModuleNotFoundError: No module named 'torch'
resume: 4 rows already on disk, skipping [('transformer_full', 3034), ('transformer_full', 3035), ('transformer_win28', 3034), ('transformer_win28', 3035)]
3036 transformer_full recall 0.4303 long 0.4167 loss 0.5147
  [candidate init3036/data3036] step 0/101322 loss 4.702
  [candidate init3036/data3036] step 20264/101322 loss 0.522
  [candidate init3036/data3036] step 40528/101322 loss 0.522
  [candidate init3036/data3036] step 60792/101322 loss 0.014
  [candidate init3036/data3036] step 81056/101322 loss 0.000
  [candidate init3036/data3036] step 101320/101322 loss 0.000
3036 transformer_win28 recall 1.0000 in_win 1.0000 out_win 1.0000 loss 0.0000
3037 transformer_full recall 0.4290 long 0.4173 loss 0.5135
  [candidate init3037/data3037] step 0/101322 loss 4.760
  [candidate init3037/data3037] step 20264/101322 loss 0.522
  [candidate init3037/data3037] step 40528/101322 loss 0.520
  [candidate init3037/data3037] step 60792/101322 loss 0.002
  [candidate init3037/data3037] step 81056/101322 loss 0.001
  [candidate init3037/data3037] step 101320/101322 loss 0.000
3037 transformer_win28 recall 1.0000 in_win 1.0000 out_win 1.0000 loss 0.0000
3038 transformer_full recall 0.4342 long 0.4157 loss 0.5120
  [candidate init3038/data3038] step 0/101322 loss 4.726
  [candidate init3038/data3038] step 20264/101322 loss 0.521
  [candidate init3038/data3038] step 40528/101322 loss 0.521
  [candidate init3038/data3038] step 60792/101322 loss 0.521
  [candidate init3038/data3038] step 81056/101322 loss 0.517
  [candidate init3038/data3038] step 101320/101322 loss 0.521
3038 transformer_win28 recall 0.4274 in_win 0.3980 out_win 0.7013 loss 0.5185
3039 transformer_full recall 0.4108 long 0.4144 loss 0.5140
  [candidate init3039/data3039] step 0/101322 loss 4.766
  [candidate init3039/data3039] step 20264/101322 loss 0.522
  [candidate init3039/data3039] step 40528/101322 loss 0.394
  [candidate init3039/data3039] step 60792/101322 loss 0.001
  [candidate init3039/data3039] step 81056/101322 loss 0.000
  [candidate init3039/data3039] step 101320/101322 loss 0.000
3039 transformer_win28 recall 1.0000 in_win 1.0000 out_win 1.0000 loss 0.0000
3040 transformer_full recall 0.4284 long 0.4173 loss 0.5130
  [candidate init3040/data3040] step 0/101322 loss 4.849
  [candidate init3040/data3040] step 20264/101322 loss 0.524
  [candidate init3040/data3040] step 40528/101322 loss 0.520
  [candidate init3040/data3040] step 60792/101322 loss 0.519
  [candidate init3040/data3040] step 81056/101322 loss 0.515
  [candidate init3040/data3040] step 101320/101322 loss 0.047
3040 transformer_win28 recall 0.9626 in_win 0.9611 out_win 0.9765 loss 0.0478
