[gla_s1196] step 0/2212 loss 5.429
[gla_s1196] step 442/2212 loss 0.879
[gla_s1196] step 884/2212 loss 0.875
[gla_s1196] step 1326/2212 loss 0.876
[gla_s1196] step 1768/2212 loss 0.875
[gla_s1196] step 2210/2212 loss 0.874
{"tag": "gla_s1196", "arch": "gla", "layout": "GGGGGGGG", "init_seed": 1196, "data_seed": 1196, "params": 14351792, "steps_a": 2212, "final_loss": 0.8744889914989471, "recall": 0.06432291666666666, "recall_long": 0.06419270833333333, "state": 1.0, "wall_s": 788.4377243518829, "non_claim": "reproduction of ak cell for cs1 probing only"}
[cand_s1196] step 0/2212 loss 5.503
[cand_s1196] step 442/2212 loss 0.877
[cand_s1196] step 884/2212 loss 0.002
[cand_s1196] step 1326/2212 loss 0.000
[cand_s1196] step 1768/2212 loss 0.000
[cand_s1196] step 2210/2212 loss 0.000
{"tag": "cand_s1196", "arch": "candidate", "layout": "CCCCCCCC", "init_seed": 1196, "data_seed": 1196, "params": 14352816, "steps_a": 2212, "final_loss": 4.226800032203215e-09, "recall": 1.0, "recall_long": 1.0, "state": 1.0, "wall_s": 1190.4114725589752, "non_claim": "reproduction of ak cell for cs1 probing only"}
[gla_s1197] step 0/2212 loss 5.411
[gla_s1197] step 442/2212 loss 0.891
[gla_s1197] step 884/2212 loss 0.875
[gla_s1197] step 1326/2212 loss 0.877
[gla_s1197] step 1768/2212 loss 0.875
[gla_s1197] step 2210/2212 loss 0.875
{"tag": "gla_s1197", "arch": "gla", "layout": "GGGGGGGG", "init_seed": 1197, "data_seed": 1197, "params": 14351792, "steps_a": 2212, "final_loss": 0.8745413511991501, "recall": 0.06106770833333333, "recall_long": 0.06321614583333333, "state": 1.0, "wall_s": 1308.7066621780396, "non_claim": "reproduction of ak cell for cs1 probing only"}
[cand_s1197] step 0/2212 loss 5.500
[cand_s1197] step 442/2212 loss 0.876
[cand_s1197] step 884/2212 loss 0.002
[cand_s1197] step 1326/2212 loss 0.001
[cand_s1197] step 1768/2212 loss 0.000
[cand_s1197] step 2210/2212 loss 0.000
{"tag": "cand_s1197", "arch": "candidate", "layout": "CCCCCCCC", "init_seed": 1197, "data_seed": 1197, "params": 14352816, "steps_a": 2212, "final_loss": 5.507552947037197e-09, "recall": 1.0, "recall_long": 1.0, "state": 1.0, "wall_s": 1889.9148375988007, "non_claim": "reproduction of ak cell for cs1 probing only"}
ALL_RUNS_DONE
