[tr_dist] step 0/1362 loss 5.1996 recall 0.0019 val_mass 0.0051 key_mass 0.0052
[tr_dist] step 29/1362 loss 2.4930 recall 0.0698 val_mass 0.0051 key_mass 0.0052
[tr_dist] step 89/1362 loss 1.4301 recall 0.1019 val_mass 0.0051 key_mass 0.0052
[tr_dist] step 170/1362 loss 0.9685 recall 0.1071 val_mass 0.0051 key_mass 0.0052
[tr_dist] step 269/1362 loss 0.9622 recall 0.1133 val_mass 0.0058 key_mass 0.0059
[tr_dist] step 385/1362 loss 0.9566 recall 0.1124 val_mass 0.0059 key_mass 0.0059
[tr_dist] step 516/1362 loss 0.9600 recall 0.1148 val_mass 0.0059 key_mass 0.0061
[tr_dist] step 660/1362 loss 0.9602 recall 0.1165 val_mass 0.0061 key_mass 0.0063
[tr_dist] step 818/1362 loss 0.9537 recall 0.1156 val_mass 0.0074 key_mass 0.0080
[tr_dist] step 987/1362 loss 0.9469 recall 0.1223 val_mass 0.0067 key_mass 0.0065
[tr_dist] step 1169/1362 loss 0.9439 recall 0.1269 val_mass 0.0093 key_mass 0.0062
[tr_dist] step 1361/1362 loss 0.9462 recall 0.1275 val_mass 0.0103 key_mass 0.0063
[tr_dist] accuracy by retrieval distance (chance 0.0625, overall 0.1141):
[tr_dist]   dist    4-8    n=2      acc=0.0000
[tr_dist]   dist    8-16   n=8      acc=0.1250
[tr_dist]   dist   16-32   n=11     acc=0.0000
[tr_dist]   dist   32-64   n=64     acc=0.0469
[tr_dist]   dist   64-128  n=276    acc=0.1268
[tr_dist]   dist  128-inf  n=279    acc=0.1219
[tr_dist] DONE final_recall=0.1275 uniform_baseline=0.00504
