runner gpu1 seed 2100 arms ['stablegla'] batch 16 steps 73243 (1.20B tokens/run)
/home/ubuntu/venv-s05/lib/python3.12/site-packages/torch/nn/functional.py:2954: UserWarning: Mismatch dtype between input and weight: input dtype = c10::BFloat16, weight dtype = float, Cannot dispatch to fused implementation. (Triggered internally at /pytorch/aten/src/ATen/native/layer_norm.cpp:344.)
  return torch.rms_norm(input, normalized_shape, weight, eps)
[stablegla_s2100_w256] step 0/73243 loss 10.4542 (0.0m)
  [stablegla_s2100_w256] probes@366: kv=0.000 needle=0.000
[stablegla_s2100_w256] step 732/73243 loss 5.0839 (12.3m)
  [stablegla_s2100_w256] probes@780: kv=0.000 needle=0.008
[stablegla_s2100_w256] step 1464/73243 loss 4.2743 (24.6m)
  [stablegla_s2100_w256] probes@1663: kv=0.039 needle=0.008
[stablegla_s2100_w256] step 2196/73243 loss 3.8271 (37.8m)
[stablegla_s2100_w256] step 2928/73243 loss 3.5829 (49.8m)
  [stablegla_s2100_w256] probes@3546: kv=0.250 needle=0.023
[stablegla_s2100_w256] step 3660/73243 loss 3.4413 (62.5m)
[stablegla_s2100_w256] step 4392/73243 loss 3.3404 (74.9m)
[stablegla_s2100_w256] step 5124/73243 loss 3.2592 (87.3m)
[stablegla_s2100_w256] step 5856/73243 loss 3.2344 (99.3m)
[stablegla_s2100_w256] step 6588/73243 loss 3.1974 (111.7m)
[stablegla_s2100_w256] step 7320/73243 loss 3.1491 (124.1m)
  [stablegla_s2100_w256] probes@7560: kv=0.984 needle=0.195
[stablegla_s2100_w256] step 8052/73243 loss 3.1303 (136.8m)
[stablegla_s2100_w256] step 8784/73243 loss 3.0859 (148.8m)
[stablegla_s2100_w256] step 9516/73243 loss 3.0994 (161.2m)
[stablegla_s2100_w256] step 10248/73243 loss 3.0479 (173.6m)
[stablegla_s2100_w256] step 10980/73243 loss 3.0526 (185.6m)
[stablegla_s2100_w256] step 11712/73243 loss 3.0364 (198.0m)
[stablegla_s2100_w256] step 12444/73243 loss 3.0105 (210.5m)
[stablegla_s2100_w256] step 13176/73243 loss 2.9809 (222.9m)
[stablegla_s2100_w256] step 13908/73243 loss 2.9810 (234.9m)
[stablegla_s2100_w256] step 14640/73243 loss 2.9627 (247.3m)
[stablegla_s2100_w256] step 15372/73243 loss 2.9690 (259.7m)
[stablegla_s2100_w256] step 16104/73243 loss 2.9391 (272.1m)
  [stablegla_s2100_w256] probes@16116: kv=0.992 needle=0.203
[stablegla_s2100_w256] step 16836/73243 loss 2.9267 (284.4m)
[stablegla_s2100_w256] step 17568/73243 loss 2.9422 (296.8m)
[stablegla_s2100_w256] step 18300/73243 loss 2.9301 (309.2m)
[stablegla_s2100_w256] step 19032/73243 loss 2.8826 (321.6m)
[stablegla_s2100_w256] step 19764/73243 loss 2.9153 (333.6m)
[stablegla_s2100_w256] step 20496/73243 loss 2.8783 (346.0m)
[stablegla_s2100_w256] step 21228/73243 loss 2.8835 (358.4m)
[stablegla_s2100_w256] step 21960/73243 loss 2.8618 (370.4m)
[stablegla_s2100_w256] step 22692/73243 loss 2.8776 (382.8m)
[stablegla_s2100_w256] step 23424/73243 loss 2.8583 (395.2m)
[stablegla_s2100_w256] step 24156/73243 loss 2.8503 (407.6m)
[stablegla_s2100_w256] step 24888/73243 loss 2.8695 (419.6m)
[stablegla_s2100_w256] step 25620/73243 loss 2.8468 (432.0m)
[stablegla_s2100_w256] step 26352/73243 loss 2.8466 (444.4m)
[stablegla_s2100_w256] step 27084/73243 loss 2.8487 (456.8m)
[stablegla_s2100_w256] step 27816/73243 loss 2.8585 (468.8m)
[stablegla_s2100_w256] step 28548/73243 loss 2.8122 (481.3m)
[stablegla_s2100_w256] step 29280/73243 loss 2.8060 (493.7m)
[stablegla_s2100_w256] step 30012/73243 loss 2.8029 (506.1m)
[stablegla_s2100_w256] step 30744/73243 loss 2.8076 (518.1m)
[stablegla_s2100_w256] step 31476/73243 loss 2.7974 (530.5m)
[stablegla_s2100_w256] step 32208/73243 loss 2.7921 (542.9m)
[stablegla_s2100_w256] step 32940/73243 loss 2.7697 (554.9m)
[stablegla_s2100_w256] step 33672/73243 loss 2.7679 (567.3m)
  [stablegla_s2100_w256] probes@34356: kv=0.992 needle=0.211
[stablegla_s2100_w256] step 34404/73243 loss 2.7669 (580.0m)
[stablegla_s2100_w256] step 35136/73243 loss 2.7704 (592.4m)
[stablegla_s2100_w256] step 35868/73243 loss 2.7546 (604.4m)
[stablegla_s2100_w256] step 36600/73243 loss 2.7624 (616.8m)
[stablegla_s2100_w256] step 37332/73243 loss 2.7699 (629.2m)
[stablegla_s2100_w256] step 38064/73243 loss 2.7464 (641.6m)
[stablegla_s2100_w256] step 38796/73243 loss 2.7339 (653.6m)
[stablegla_s2100_w256] step 39528/73243 loss 2.7637 (666.0m)
[stablegla_s2100_w256] step 40260/73243 loss 2.7279 (678.4m)
[stablegla_s2100_w256] step 40992/73243 loss 2.7282 (690.4m)
[stablegla_s2100_w256] step 41724/73243 loss 2.7385 (702.8m)
[stablegla_s2100_w256] step 42456/73243 loss 2.7247 (715.2m)
[stablegla_s2100_w256] step 43188/73243 loss 2.7184 (727.6m)
[stablegla_s2100_w256] step 43920/73243 loss 2.7254 (739.6m)
[stablegla_s2100_w256] step 44652/73243 loss 2.7067 (752.0m)
[stablegla_s2100_w256] step 45384/73243 loss 2.7019 (764.5m)
[stablegla_s2100_w256] step 46116/73243 loss 2.6833 (776.9m)
[stablegla_s2100_w256] step 46848/73243 loss 2.7014 (788.9m)
[stablegla_s2100_w256] step 47580/73243 loss 2.6597 (801.3m)
[stablegla_s2100_w256] step 48312/73243 loss 2.6614 (813.7m)
[stablegla_s2100_w256] step 49044/73243 loss 2.6851 (826.1m)
[stablegla_s2100_w256] step 49776/73243 loss 2.6855 (838.1m)
[stablegla_s2100_w256] step 50508/73243 loss 2.6787 (850.5m)
[stablegla_s2100_w256] step 51240/73243 loss 2.6773 (862.9m)
[stablegla_s2100_w256] step 51972/73243 loss 2.6470 (874.9m)
[stablegla_s2100_w256] step 52704/73243 loss 2.6694 (887.3m)
[stablegla_s2100_w256] step 53436/73243 loss 2.6542 (899.7m)
[stablegla_s2100_w256] step 54168/73243 loss 2.6746 (912.2m)
[stablegla_s2100_w256] step 54900/73243 loss 2.6496 (924.1m)
[stablegla_s2100_w256] step 55632/73243 loss 2.6307 (936.5m)
[stablegla_s2100_w256] step 56364/73243 loss 2.6452 (948.9m)
[stablegla_s2100_w256] step 57096/73243 loss 2.6208 (961.4m)
[stablegla_s2100_w256] step 57828/73243 loss 2.6332 (973.4m)
[stablegla_s2100_w256] step 58560/73243 loss 2.6341 (985.8m)
[stablegla_s2100_w256] step 59292/73243 loss 2.6070 (998.2m)
[stablegla_s2100_w256] step 60024/73243 loss 2.6412 (1010.6m)
[stablegla_s2100_w256] step 60756/73243 loss 2.6088 (1022.6m)
[stablegla_s2100_w256] step 61488/73243 loss 2.6154 (1035.0m)
[stablegla_s2100_w256] step 62220/73243 loss 2.5852 (1047.4m)
[stablegla_s2100_w256] step 62952/73243 loss 2.6128 (1059.4m)
[stablegla_s2100_w256] step 63684/73243 loss 2.6006 (1071.8m)
[stablegla_s2100_w256] step 64416/73243 loss 2.6095 (1084.2m)
[stablegla_s2100_w256] step 65148/73243 loss 2.6191 (1096.7m)
[stablegla_s2100_w256] step 65880/73243 loss 2.6000 (1108.7m)
[stablegla_s2100_w256] step 66612/73243 loss 2.5920 (1121.1m)
[stablegla_s2100_w256] step 67344/73243 loss 2.6060 (1133.5m)
[stablegla_s2100_w256] step 68076/73243 loss 2.6274 (1145.9m)
[stablegla_s2100_w256] step 68808/73243 loss 2.6022 (1157.9m)
[stablegla_s2100_w256] step 69540/73243 loss 2.5890 (1170.3m)
[stablegla_s2100_w256] step 70272/73243 loss 2.5900 (1182.7m)
[stablegla_s2100_w256] step 71004/73243 loss 2.5863 (1195.1m)
[stablegla_s2100_w256] step 71736/73243 loss 2.6041 (1207.1m)
[stablegla_s2100_w256] step 72468/73243 loss 2.5909 (1219.5m)
[stablegla_s2100_w256] step 73200/73243 loss 2.5967 (1232.0m)
  [stablegla_s2100_w256] probes@73242: kv=0.992 needle=0.203
[stablegla_s2100_w256] DONE in 20.56h
runner gpu1 ALL DONE
runner gpu1 seed 2100 arms ['stablegla'] batch 16 steps 73243 (1.20B tokens/run)
[stablegla_s2100_w256] result exists, skipping
runner gpu1 ALL DONE
runner gpu1 seed 2100 arms ['stablegla'] batch 16 steps 73243 (1.20B tokens/run)
[stablegla_s2100_w256] result exists, skipping
runner gpu1 ALL DONE
runner gpu1 seed 2100 arms ['stablegla'] batch 16 steps 73243 (1.20B tokens/run)
[stablegla_s2100_w256] result exists, skipping
runner gpu1 ALL DONE
runner gpu1 seed 2100 arms ['stablegla'] batch 16 steps 73243 (1.20B tokens/run)
[stablegla_s2100_w256] result exists, skipping
runner gpu1 ALL DONE
runner gpu1 seed 2100 arms ['stablegla'] batch 16 steps 73243 (1.20B tokens/run)
[stablegla_s2100_w256] result exists, skipping
runner gpu1 ALL DONE
runner gpu1 seed 2100 arms ['stablegla'] batch 16 steps 73243 (1.20B tokens/run)
[stablegla_s2100_w256] result exists, skipping
runner gpu1 ALL DONE
runner gpu1 seed 2100 arms ['stablegla'] batch 16 steps 73243 (1.20B tokens/run)
[stablegla_s2100_w256] result exists, skipping
runner gpu1 ALL DONE
runner gpu1 seed 2100 arms ['stablegla'] batch 16 steps 73243 (1.20B tokens/run)
[stablegla_s2100_w256] result exists, skipping
runner gpu1 ALL DONE
runner gpu1 seed 2100 arms ['stablegla'] batch 16 steps 73243 (1.20B tokens/run)
[stablegla_s2100_w256] result exists, skipping
runner gpu1 ALL DONE
