runner gpu0 seed 2100 arms ['stablegla'] batch 16 steps 73243 (1.20B tokens/run)
/home/ubuntu/venv-s05/lib/python3.12/site-packages/torch/nn/functional.py:2954: UserWarning: Mismatch dtype between input and weight: input dtype = c10::BFloat16, weight dtype = float, Cannot dispatch to fused implementation. (Triggered internally at /pytorch/aten/src/ATen/native/layer_norm.cpp:344.)
  return torch.rms_norm(input, normalized_shape, weight, eps)
[stablegla_s2100_w128] step 0/73243 loss 10.4553 (0.0m)
  [stablegla_s2100_w128] probes@366: kv=0.000 needle=0.000
[stablegla_s2100_w128] step 732/73243 loss 5.0910 (12.3m)
  [stablegla_s2100_w128] probes@780: kv=0.000 needle=0.023
[stablegla_s2100_w128] step 1464/73243 loss 4.2819 (24.6m)
  [stablegla_s2100_w128] probes@1663: kv=0.039 needle=0.008
[stablegla_s2100_w128] step 2196/73243 loss 3.8526 (37.4m)
[stablegla_s2100_w128] step 2928/73243 loss 3.6231 (49.3m)
  [stablegla_s2100_w128] probes@3546: kv=0.164 needle=0.023
[stablegla_s2100_w128] step 3660/73243 loss 3.4804 (62.0m)
[stablegla_s2100_w128] step 4392/73243 loss 3.3828 (74.4m)
[stablegla_s2100_w128] step 5124/73243 loss 3.3030 (86.9m)
[stablegla_s2100_w128] step 5856/73243 loss 3.2765 (98.9m)
[stablegla_s2100_w128] step 6588/73243 loss 3.2366 (111.3m)
[stablegla_s2100_w128] step 7320/73243 loss 3.1883 (123.7m)
  [stablegla_s2100_w128] probes@7560: kv=1.000 needle=0.203
[stablegla_s2100_w128] step 8052/73243 loss 3.1683 (136.4m)
[stablegla_s2100_w128] step 8784/73243 loss 3.1252 (148.4m)
[stablegla_s2100_w128] step 9516/73243 loss 3.1370 (160.8m)
[stablegla_s2100_w128] step 10248/73243 loss 3.0864 (173.2m)
[stablegla_s2100_w128] step 10980/73243 loss 3.0910 (185.2m)
[stablegla_s2100_w128] step 11712/73243 loss 3.0728 (197.6m)
[stablegla_s2100_w128] step 12444/73243 loss 3.0480 (210.0m)
[stablegla_s2100_w128] step 13176/73243 loss 3.0202 (222.4m)
[stablegla_s2100_w128] step 13908/73243 loss 3.0206 (234.4m)
[stablegla_s2100_w128] step 14640/73243 loss 3.0009 (246.8m)
[stablegla_s2100_w128] step 15372/73243 loss 3.0063 (259.2m)
[stablegla_s2100_w128] step 16104/73243 loss 2.9782 (271.6m)
  [stablegla_s2100_w128] probes@16116: kv=1.000 needle=0.203
[stablegla_s2100_w128] step 16836/73243 loss 2.9665 (283.9m)
[stablegla_s2100_w128] step 17568/73243 loss 2.9794 (296.3m)
[stablegla_s2100_w128] step 18300/73243 loss 2.9669 (308.7m)
[stablegla_s2100_w128] step 19032/73243 loss 2.9177 (321.1m)
[stablegla_s2100_w128] step 19764/73243 loss 2.9550 (333.1m)
[stablegla_s2100_w128] step 20496/73243 loss 2.9143 (345.6m)
[stablegla_s2100_w128] step 21228/73243 loss 2.9184 (358.0m)
[stablegla_s2100_w128] step 21960/73243 loss 2.8999 (370.0m)
[stablegla_s2100_w128] step 22692/73243 loss 2.9167 (382.4m)
[stablegla_s2100_w128] step 23424/73243 loss 2.8944 (394.8m)
[stablegla_s2100_w128] step 24156/73243 loss 2.8874 (407.2m)
[stablegla_s2100_w128] step 24888/73243 loss 2.9054 (419.2m)
[stablegla_s2100_w128] step 25620/73243 loss 2.8822 (431.6m)
[stablegla_s2100_w128] step 26352/73243 loss 2.8834 (444.0m)
[stablegla_s2100_w128] step 27084/73243 loss 2.8853 (456.4m)
[stablegla_s2100_w128] step 27816/73243 loss 2.8952 (468.4m)
[stablegla_s2100_w128] step 28548/73243 loss 2.8490 (480.8m)
[stablegla_s2100_w128] step 29280/73243 loss 2.8435 (493.2m)
[stablegla_s2100_w128] step 30012/73243 loss 2.8385 (505.6m)
[stablegla_s2100_w128] step 30744/73243 loss 2.8417 (517.6m)
[stablegla_s2100_w128] step 31476/73243 loss 2.8328 (530.0m)
[stablegla_s2100_w128] step 32208/73243 loss 2.8270 (542.4m)
[stablegla_s2100_w128] step 32940/73243 loss 2.8039 (554.4m)
[stablegla_s2100_w128] step 33672/73243 loss 2.8038 (566.8m)
  [stablegla_s2100_w128] probes@34356: kv=1.000 needle=0.203
[stablegla_s2100_w128] step 34404/73243 loss 2.8005 (579.5m)
[stablegla_s2100_w128] step 35136/73243 loss 2.8038 (591.9m)
[stablegla_s2100_w128] step 35868/73243 loss 2.7897 (603.9m)
[stablegla_s2100_w128] step 36600/73243 loss 2.7974 (616.3m)
[stablegla_s2100_w128] step 37332/73243 loss 2.8051 (628.8m)
[stablegla_s2100_w128] step 38064/73243 loss 2.7836 (641.2m)
[stablegla_s2100_w128] step 38796/73243 loss 2.7673 (653.1m)
[stablegla_s2100_w128] step 39528/73243 loss 2.8004 (665.5m)
[stablegla_s2100_w128] step 40260/73243 loss 2.7625 (678.0m)
[stablegla_s2100_w128] step 40992/73243 loss 2.7634 (690.0m)
[stablegla_s2100_w128] step 41724/73243 loss 2.7736 (702.4m)
[stablegla_s2100_w128] step 42456/73243 loss 2.7615 (714.8m)
[stablegla_s2100_w128] step 43188/73243 loss 2.7564 (727.2m)
[stablegla_s2100_w128] step 43920/73243 loss 2.7610 (739.2m)
[stablegla_s2100_w128] step 44652/73243 loss 2.7412 (751.6m)
[stablegla_s2100_w128] step 45384/73243 loss 2.7367 (764.0m)
[stablegla_s2100_w128] step 46116/73243 loss 2.7185 (776.5m)
[stablegla_s2100_w128] step 46848/73243 loss 2.7355 (788.4m)
[stablegla_s2100_w128] step 47580/73243 loss 2.6935 (800.8m)
[stablegla_s2100_w128] step 48312/73243 loss 2.6975 (813.3m)
[stablegla_s2100_w128] step 49044/73243 loss 2.7187 (825.7m)
[stablegla_s2100_w128] step 49776/73243 loss 2.7184 (837.7m)
[stablegla_s2100_w128] step 50508/73243 loss 2.7147 (850.1m)
[stablegla_s2100_w128] step 51240/73243 loss 2.7115 (862.5m)
[stablegla_s2100_w128] step 51972/73243 loss 2.6799 (874.5m)
[stablegla_s2100_w128] step 52704/73243 loss 2.7059 (886.9m)
[stablegla_s2100_w128] step 53436/73243 loss 2.6887 (899.3m)
[stablegla_s2100_w128] step 54168/73243 loss 2.7104 (911.7m)
[stablegla_s2100_w128] step 54900/73243 loss 2.6819 (923.7m)
[stablegla_s2100_w128] step 55632/73243 loss 2.6662 (936.1m)
[stablegla_s2100_w128] step 56364/73243 loss 2.6788 (948.5m)
[stablegla_s2100_w128] step 57096/73243 loss 2.6547 (960.9m)
[stablegla_s2100_w128] step 57828/73243 loss 2.6687 (972.9m)
[stablegla_s2100_w128] step 58560/73243 loss 2.6666 (985.4m)
[stablegla_s2100_w128] step 59292/73243 loss 2.6406 (997.8m)
[stablegla_s2100_w128] step 60024/73243 loss 2.6751 (1010.2m)
[stablegla_s2100_w128] step 60756/73243 loss 2.6413 (1022.2m)
[stablegla_s2100_w128] step 61488/73243 loss 2.6488 (1034.6m)
[stablegla_s2100_w128] step 62220/73243 loss 2.6177 (1047.0m)
[stablegla_s2100_w128] step 62952/73243 loss 2.6453 (1059.0m)
[stablegla_s2100_w128] step 63684/73243 loss 2.6362 (1071.4m)
[stablegla_s2100_w128] step 64416/73243 loss 2.6408 (1083.8m)
[stablegla_s2100_w128] step 65148/73243 loss 2.6530 (1096.2m)
[stablegla_s2100_w128] step 65880/73243 loss 2.6342 (1108.2m)
[stablegla_s2100_w128] step 66612/73243 loss 2.6270 (1120.7m)
[stablegla_s2100_w128] step 67344/73243 loss 2.6391 (1133.1m)
[stablegla_s2100_w128] step 68076/73243 loss 2.6607 (1145.5m)
[stablegla_s2100_w128] step 68808/73243 loss 2.6341 (1157.5m)
[stablegla_s2100_w128] step 69540/73243 loss 2.6205 (1169.9m)
[stablegla_s2100_w128] step 70272/73243 loss 2.6219 (1182.3m)
[stablegla_s2100_w128] step 71004/73243 loss 2.6197 (1194.7m)
[stablegla_s2100_w128] step 71736/73243 loss 2.6360 (1206.7m)
[stablegla_s2100_w128] step 72468/73243 loss 2.6230 (1219.1m)
[stablegla_s2100_w128] step 73200/73243 loss 2.6309 (1231.5m)
  [stablegla_s2100_w128] probes@73242: kv=1.000 needle=0.211
[stablegla_s2100_w128] DONE in 20.55h
runner gpu0 ALL DONE
runner gpu0 seed 2100 arms ['stablegla'] batch 16 steps 73243 (1.20B tokens/run)
[stablegla_s2100_w128] result exists, skipping
runner gpu0 ALL DONE
runner gpu0 seed 2100 arms ['stablegla'] batch 16 steps 73243 (1.20B tokens/run)
[stablegla_s2100_w128] result exists, skipping
runner gpu0 ALL DONE
runner gpu0 seed 2100 arms ['stablegla'] batch 16 steps 73243 (1.20B tokens/run)
[stablegla_s2100_w128] result exists, skipping
runner gpu0 ALL DONE
runner gpu0 seed 2100 arms ['stablegla'] batch 16 steps 73243 (1.20B tokens/run)
[stablegla_s2100_w128] result exists, skipping
runner gpu0 ALL DONE
runner gpu0 seed 2100 arms ['stablegla'] batch 16 steps 73243 (1.20B tokens/run)
[stablegla_s2100_w128] result exists, skipping
runner gpu0 ALL DONE
