runner gpu0 seed 2100 arms ['stablegla'] batch 16 steps 73243 (1.20B tokens/run)
/home/ubuntu/venv-s05/lib/python3.12/site-packages/torch/nn/functional.py:2954: UserWarning: Mismatch dtype between input and weight: input dtype = c10::BFloat16, weight dtype = float, Cannot dispatch to fused implementation. (Triggered internally at /pytorch/aten/src/ATen/native/layer_norm.cpp:344.)
  return torch.rms_norm(input, normalized_shape, weight, eps)
[stablegla_s2100_w512] step 0/73243 loss 10.4506 (0.0m)
  [stablegla_s2100_w512] probes@366: kv=0.000 needle=0.000
[stablegla_s2100_w512] step 732/73243 loss 5.0818 (12.3m)
  [stablegla_s2100_w512] probes@780: kv=0.000 needle=0.008
[stablegla_s2100_w512] step 1464/73243 loss 4.2751 (24.6m)
  [stablegla_s2100_w512] probes@1663: kv=0.039 needle=0.008
[stablegla_s2100_w512] step 2196/73243 loss 3.8272 (37.4m)
[stablegla_s2100_w512] step 2928/73243 loss 3.5706 (49.3m)
  [stablegla_s2100_w512] probes@3546: kv=0.680 needle=0.023
[stablegla_s2100_w512] step 3660/73243 loss 3.4234 (62.1m)
[stablegla_s2100_w512] step 4392/73243 loss 3.3185 (74.5m)
[stablegla_s2100_w512] step 5124/73243 loss 3.2402 (86.9m)
[stablegla_s2100_w512] step 5856/73243 loss 3.2138 (98.9m)
[stablegla_s2100_w512] step 6588/73243 loss 3.1781 (111.3m)
[stablegla_s2100_w512] step 7320/73243 loss 3.1323 (123.7m)
  [stablegla_s2100_w512] probes@7560: kv=0.984 needle=0.492
[stablegla_s2100_w512] step 8052/73243 loss 3.1137 (136.5m)
[stablegla_s2100_w512] step 8784/73243 loss 3.0673 (148.4m)
[stablegla_s2100_w512] step 9516/73243 loss 3.0801 (160.9m)
[stablegla_s2100_w512] step 10248/73243 loss 3.0291 (173.3m)
[stablegla_s2100_w512] step 10980/73243 loss 3.0324 (185.3m)
[stablegla_s2100_w512] step 11712/73243 loss 3.0183 (197.7m)
[stablegla_s2100_w512] step 12444/73243 loss 2.9925 (210.1m)
[stablegla_s2100_w512] step 13176/73243 loss 2.9634 (222.5m)
[stablegla_s2100_w512] step 13908/73243 loss 2.9610 (234.5m)
[stablegla_s2100_w512] step 14640/73243 loss 2.9434 (246.9m)
[stablegla_s2100_w512] step 15372/73243 loss 2.9493 (259.3m)
[stablegla_s2100_w512] step 16104/73243 loss 2.9195 (271.7m)
  [stablegla_s2100_w512] probes@16116: kv=0.992 needle=0.484
[stablegla_s2100_w512] step 16836/73243 loss 2.9071 (284.0m)
[stablegla_s2100_w512] step 17568/73243 loss 2.9228 (296.4m)
[stablegla_s2100_w512] step 18300/73243 loss 2.9110 (308.8m)
[stablegla_s2100_w512] step 19032/73243 loss 2.8636 (321.2m)
[stablegla_s2100_w512] step 19764/73243 loss 2.8950 (333.2m)
[stablegla_s2100_w512] step 20496/73243 loss 2.8587 (345.6m)
[stablegla_s2100_w512] step 21228/73243 loss 2.8640 (358.0m)
[stablegla_s2100_w512] step 21960/73243 loss 2.8431 (370.0m)
[stablegla_s2100_w512] step 22692/73243 loss 2.8581 (382.4m)
[stablegla_s2100_w512] step 23424/73243 loss 2.8395 (394.8m)
[stablegla_s2100_w512] step 24156/73243 loss 2.8301 (407.2m)
[stablegla_s2100_w512] step 24888/73243 loss 2.8518 (419.2m)
[stablegla_s2100_w512] step 25620/73243 loss 2.8277 (431.6m)
[stablegla_s2100_w512] step 26352/73243 loss 2.8267 (444.0m)
[stablegla_s2100_w512] step 27084/73243 loss 2.8315 (456.5m)
[stablegla_s2100_w512] step 27816/73243 loss 2.8383 (468.4m)
[stablegla_s2100_w512] step 28548/73243 loss 2.7920 (480.9m)
[stablegla_s2100_w512] step 29280/73243 loss 2.7883 (493.3m)
[stablegla_s2100_w512] step 30012/73243 loss 2.7818 (505.7m)
[stablegla_s2100_w512] step 30744/73243 loss 2.7877 (517.7m)
[stablegla_s2100_w512] step 31476/73243 loss 2.7761 (530.1m)
[stablegla_s2100_w512] step 32208/73243 loss 2.7714 (542.5m)
[stablegla_s2100_w512] step 32940/73243 loss 2.7497 (554.5m)
[stablegla_s2100_w512] step 33672/73243 loss 2.7498 (566.9m)
  [stablegla_s2100_w512] probes@34356: kv=1.000 needle=0.570
[stablegla_s2100_w512] step 34404/73243 loss 2.7473 (579.6m)
[stablegla_s2100_w512] step 35136/73243 loss 2.7526 (592.0m)
[stablegla_s2100_w512] step 35868/73243 loss 2.7360 (604.0m)
[stablegla_s2100_w512] step 36600/73243 loss 2.7426 (616.4m)
[stablegla_s2100_w512] step 37332/73243 loss 2.7506 (628.8m)
[stablegla_s2100_w512] step 38064/73243 loss 2.7269 (641.2m)
[stablegla_s2100_w512] step 38796/73243 loss 2.7155 (653.2m)
[stablegla_s2100_w512] step 39528/73243 loss 2.7432 (665.6m)
[stablegla_s2100_w512] step 40260/73243 loss 2.7080 (678.0m)
[stablegla_s2100_w512] step 40992/73243 loss 2.7103 (690.0m)
[stablegla_s2100_w512] step 41724/73243 loss 2.7203 (702.4m)
[stablegla_s2100_w512] step 42456/73243 loss 2.7061 (714.9m)
[stablegla_s2100_w512] step 43188/73243 loss 2.6986 (727.3m)
[stablegla_s2100_w512] step 43920/73243 loss 2.7063 (739.3m)
[stablegla_s2100_w512] step 44652/73243 loss 2.6888 (751.7m)
[stablegla_s2100_w512] step 45384/73243 loss 2.6822 (764.1m)
[stablegla_s2100_w512] step 46116/73243 loss 2.6645 (776.5m)
[stablegla_s2100_w512] step 46848/73243 loss 2.6832 (788.5m)
[stablegla_s2100_w512] step 47580/73243 loss 2.6411 (800.9m)
[stablegla_s2100_w512] step 48312/73243 loss 2.6425 (813.3m)
[stablegla_s2100_w512] step 49044/73243 loss 2.6671 (825.7m)
[stablegla_s2100_w512] step 49776/73243 loss 2.6661 (837.7m)
[stablegla_s2100_w512] step 50508/73243 loss 2.6623 (850.1m)
[stablegla_s2100_w512] step 51240/73243 loss 2.6581 (862.5m)
[stablegla_s2100_w512] step 51972/73243 loss 2.6280 (874.5m)
[stablegla_s2100_w512] step 52704/73243 loss 2.6472 (886.9m)
[stablegla_s2100_w512] step 53436/73243 loss 2.6357 (899.3m)
[stablegla_s2100_w512] step 54168/73243 loss 2.6563 (911.7m)
[stablegla_s2100_w512] step 54900/73243 loss 2.6304 (923.7m)
[stablegla_s2100_w512] step 55632/73243 loss 2.6121 (936.1m)
[stablegla_s2100_w512] step 56364/73243 loss 2.6271 (948.6m)
[stablegla_s2100_w512] step 57096/73243 loss 2.6026 (961.0m)
[stablegla_s2100_w512] step 57828/73243 loss 2.6127 (973.0m)
[stablegla_s2100_w512] step 58560/73243 loss 2.6158 (985.4m)
[stablegla_s2100_w512] step 59292/73243 loss 2.5880 (997.8m)
[stablegla_s2100_w512] step 60024/73243 loss 2.6238 (1010.2m)
[stablegla_s2100_w512] step 60756/73243 loss 2.5909 (1022.2m)
[stablegla_s2100_w512] step 61488/73243 loss 2.5947 (1034.6m)
[stablegla_s2100_w512] step 62220/73243 loss 2.5682 (1047.0m)
[stablegla_s2100_w512] step 62952/73243 loss 2.5942 (1059.0m)
[stablegla_s2100_w512] step 63684/73243 loss 2.5824 (1071.4m)
[stablegla_s2100_w512] step 64416/73243 loss 2.5906 (1083.8m)
[stablegla_s2100_w512] step 65148/73243 loss 2.5995 (1096.2m)
[stablegla_s2100_w512] step 65880/73243 loss 2.5822 (1108.2m)
[stablegla_s2100_w512] step 66612/73243 loss 2.5731 (1120.6m)
[stablegla_s2100_w512] step 67344/73243 loss 2.5870 (1133.1m)
[stablegla_s2100_w512] step 68076/73243 loss 2.6094 (1145.5m)
[stablegla_s2100_w512] step 68808/73243 loss 2.5844 (1157.4m)
[stablegla_s2100_w512] step 69540/73243 loss 2.5696 (1169.9m)
[stablegla_s2100_w512] step 70272/73243 loss 2.5723 (1182.3m)
[stablegla_s2100_w512] step 71004/73243 loss 2.5694 (1194.7m)
[stablegla_s2100_w512] step 71736/73243 loss 2.5872 (1206.7m)
[stablegla_s2100_w512] step 72468/73243 loss 2.5730 (1219.1m)
[stablegla_s2100_w512] step 73200/73243 loss 2.5793 (1231.5m)
  [stablegla_s2100_w512] probes@73242: kv=1.000 needle=0.562
[stablegla_s2100_w512] DONE in 20.55h
runner gpu0 ALL DONE
runner gpu0 seed 2100 arms ['stablegla'] batch 16 steps 73243 (1.20B tokens/run)
[stablegla_s2100_w512] result exists, skipping
runner gpu0 ALL DONE
runner gpu0 seed 2100 arms ['stablegla'] batch 16 steps 73243 (1.20B tokens/run)
[stablegla_s2100_w512] result exists, skipping
runner gpu0 ALL DONE
runner gpu0 seed 2100 arms ['stablegla'] batch 16 steps 73243 (1.20B tokens/run)
[stablegla_s2100_w512] result exists, skipping
runner gpu0 ALL DONE
runner gpu0 seed 2100 arms ['stablegla'] batch 16 steps 73243 (1.20B tokens/run)
[stablegla_s2100_w512] result exists, skipping
runner gpu0 ALL DONE
runner gpu0 seed 2100 arms ['stablegla'] batch 16 steps 73243 (1.20B tokens/run)
[stablegla_s2100_w512] result exists, skipping
runner gpu0 ALL DONE
runner gpu0 seed 2100 arms ['stablegla'] batch 16 steps 73243 (1.20B tokens/run)
[stablegla_s2100_w512] result exists, skipping
runner gpu0 ALL DONE
runner gpu0 seed 2100 arms ['stablegla'] batch 16 steps 73243 (1.20B tokens/run)
[stablegla_s2100_w512] result exists, skipping
runner gpu0 ALL DONE
runner gpu0 seed 2100 arms ['stablegla'] batch 16 steps 73243 (1.20B tokens/run)
[stablegla_s2100_w512] result exists, skipping
runner gpu0 ALL DONE
runner gpu0 seed 2100 arms ['stablegla'] batch 16 steps 73243 (1.20B tokens/run)
[stablegla_s2100_w512] result exists, skipping
runner gpu0 ALL DONE
